MPASM  5.33                 TRICOLOR_V2_5.ASM   10-8-2009  22:18:09         PAGE  1


LOC  OBJECT CODE     LINE SOURCE TEXT
  VALUE

                      00001 ;*********************************************************************************************
                      00002 ; File: main.asm
                      00003 ; Description: main assembly file for tricolor lightsaber LED code
                      00004 ; Programmer: George Hadley
                      00005 ; Program History:
                      00006 ;          Date                 Ver                                     Description
                      00007 ;   10/20/2008          0.0             Initial program created
                      00008 ;       10/23/2008              0.0             I/O,RTI,ADC initializations developed, button debouncing
                             code created
                      00009 ;                                                               resolved #define error, toggle_color sub
                            routine developed
                      00010 ;       10/25/2008              0.0             Button Toggle code debugged, read_color_port and is_edit
                            able routines
                      00011 ;                                                               developed
                      00012 ;       10/26/2008              1.0             is_editable code completed, wrote and debugged pwm outpu
                            t code, removed
                      00013 ;                                                               is_editable from code (for now)
                      00014 ;       11/06/2008              1.0             Worked on tricolor_v1 debug process
                      00015 ;       12/14/2008              1.1             Developed 2-button editability feature
                      00016 ;       12/16/2008              1.2             LED Flash Indicator feature added to indicate color is e
                            ditable
                      00017 ;       02/19/2009              1.3             Firmware updated to work with common cathode luxeon led
                      00018 ;       03/05/2009              2.0             Began work on lightsaber EEPROM memory access routines
                      00019 ;       03/06/09                2.0             EEPROM Memory access code completed, began work on saber
                             timeout code
                      00020 ;       03/08/09                2.0             tricolor_v2 code completed (not debugged)
                      00021 ;       03/12/09                2.0             configuration bits incorporated into code
                      00022 ;       06/02/09                2.1             Software power_on/power_off code created, editpb button 
                            debouncing
                      00023 ;                                                               error corrected
                      00024 ;
                      00025 ; Notes:
                      00026 ;   1) color: A status register containing status flags for color control
                      00027 ;          Bit  Abbrev.                 Name                                                    Descript
                            ion                                                                     Bit Values
                      00028 ;           0    editable       Editable Flag                           Indicates if currently selected 
                            color is        (1:editable, 0:uneditable)
                      00029 ;                                                                                                       
                                    editable by color adjuster
                      00030 ;               1        red_flag       Red Color Select:                       Indicates if red is curr
                            ently selected          (1:selected, 0:unselected)
                      00031 ;               2    green_flag Green Color Select:             Indicates if green is currently selected
                                    (1:selected, 0:unselected)
                      00032 ;               3        blue_flag      Blue Color Select:                      Indicates if blue is cur
                            rently selected         (1:selected, 0:unselected)
                      00033 ;               4        colorpb        Color Pushbutton Flag:          Indicates if the color pushbutto
                            n flag is 
                      00034 ;                                                                                                       
                                    pressed                                                                 (1:was pressed, 
                      00035 ;               5        prevpb0        Previous Pushbutton Flag 0: Saves previous state of color select
                      00036 ;                                                                                                       
                                    pushbutton (used to debounce color              (1:was pressed, 0:was not pressed)
                      00037 ;                                                                                                       
MPASM  5.33                 TRICOLOR_V2_5.ASM   10-8-2009  22:18:09         PAGE  2


LOC  OBJECT CODE     LINE SOURCE TEXT
  VALUE

                                    select button)
                      00038 ;               6        editpb         Color editable pushbutton       Indicates if edit pushbutton is 
                            pressed         (1:was pressed, 0:was not pressed)
                      00039 ;               7        prevpb1        Previous Pushbutton Flag 1:     Saves previous state of edit pus
                            hbutton         
                      00040 ;                                                                                                       
                                    (used for button debouncing)                    (1:was pressed, 0:was not pressed)
                      00041 ;       2) status0: Status register containing other status flags
                      00042 ;          Bit  Abbrev.                 Name                                                    Descript
                            ion                                                                     Bit Values
                      00043 ;               0       flash           Initiate flash bit                      Indicates whether to fla
                            sh indicator or         (1:flash indicator, 0:don't flash)
                      00044 ;                                                                                                       
                                    not
                      00045 ;               1       inactive        Lightsaber inactivity           Indicates if no activity has occ
                            urred since     (1:inactive, 0:active)
                      00046 ;                                                                                                       
                                    previous start loop
                      00047 ;               2       onesec          1-second flag                           Indicates 1 second has p
                            assed                           (1:second passed, 0:second not passed)
                      00048 ;       
                      00049 ;       3) Program I/O pins:
                      00050 ;          Pin        Abbrev                    Name                                            Descript
                            ion
                      00051 ;     02(AN0)   color_adjust    Color Adjuster Pin              Color adjuster slider pin
                      00052 ;         13(RC2)       color_select    Color Selector Pin              Color selecter pushbutton pin
                      00053 ;         14(RC3)       edit_select             Edit Selector Pin               Color edit select pushbu
                            tton
                      00054 ;         21(RB0)   blue_pwm            Blue PWM Output Pin             PWM output for Blue LEDs
                      00055 ;         22(RB1)   green_pwm           Green PWM Output Pin    PWM output for Green LEDs
                      00056 ;         23(RB2)   red_pwm                     Red PWM Output Pin              PWM output for Red LEDs
                      00057 ;         24(RB3)       blue_indicate   Blue LED indicator              Output for blue led status indic
                            ator
                      00058 ;         25(RB4)       green_indicate  Green LED indicator             Output for green led status indi
                            cator
                      00059 ;         26(RB5)       red_indicate    Red LED indicator               Output for red led status indica
                            tor
                      00060 ;
                      00061 ;       4) Interrupt Rate: 8.192ms
                      00062 ;
                      00063 ;       5) If there exists a chance that pins have "funky" voltages (diodes, transistors w/o resistors, 
                            etc), use latch pins instead of port pins
                      00064 ;
                      00065 ; To-Do List:
                      00066 ;   X) Initialize Interrupts
                      00067 ;       X) Initialize A/D Converter
                      00068 ;       X) Write up button debouncing code for color select button
                      00069 ;       X) Write up color select indicator code based on state of color select button
                      00070 ;       X) Debug color select indicator code
                      00071 ;       X) Write up A/D Converter input code for color adjuster
                      00072 ;       X) Write up PWM output code based on A/D converted color adjuster input
                      00073 ;       X) Develop color edit flag code and integrate into PWM output
                      00074 ;       9) Add auto shutdown feature after certain period of inactivity has passed
MPASM  5.33                 TRICOLOR_V2_5.ASM   10-8-2009  22:18:09         PAGE  3


LOC  OBJECT CODE     LINE SOURCE TEXT
  VALUE

                      00075 ;  10) Write up code to save final state of blade before power off and re-enable upon power-up
                      00076 ;   X) Develop code to make indicator light flash when color is editable
                      00077 ;*********************************************************************************************
                      00078         #INCLUDE<P18F2221.INC>
                      00001         LIST
                      00002 
                      00003 ;==========================================================================
                      00004 ;  MPASM PIC18F2221 processor include
                      00005 ; 
                      00006 ;  (c) Copyright 1999-2009 Microchip Technology, All rights reserved
                      00007 ;==========================================================================
                      00008 
                      01173         LIST
Warning[215]: Processor superseded by command line.  Verify processor symbol.
                      00079         LIST P = P18F2221, R = DEC
                      00080         ;set configuration bits
                      00081         CONFIG WDT=OFF,LVP=OFF,OSC=INTIO2,BOR=OFF,CP0=OFF,CP1=OFF,CPB=OFF,CPD=OFF,WRT0=OFF,WRT1=OFF,WRTD
                            =OFF
                      00082         CBLOCK 0        ;Variable initializations
  00000000            00083                 COLOR             ;color status register (see note 1 in header)
  00000001            00084                 STATUS0           ;general status register 0 (see note 2 in header)
  00000002            00085                 MSEC_CNT          ;milisecond count register (counts interrupts)
  00000003            00086                 SEC_CNT           ;second count register (counts interrupts)
  00000004            00087             MIN_CNT               ;minute count register (counts interrupts)
  00000005            00088                 FLASHCNT          ;flash count register (counts interrupts)
  00000006            00089                 RED_LEVEL1        ;stores previous red color level
  00000007            00090                 GREEN_LEVEL1      ;stores previous green color level
  00000008            00091                 BLUE_LEVEL1       ;stores previous blue color level
  00000009            00092                 RED_LEVEL0        ;stores current color level of red leds
  0000000A            00093                 GREEN_LEVEL0  ;stores current color level of green leds
  0000000B            00094                 BLUE_LEVEL0       ;stores current color level of blue leds
  0000000C            00095                 RED_PWM_ACC   ;red pwm accumulator register
  0000000D            00096                 GREEN_PWM_ACC ;green pwm accumulator register
  0000000E            00097                 BLUE_PWM_ACC  ;blue pwm accumulator register
                      00098         ENDC
                      00099         ;color bit definitions
                      00100         #DEFINE EDITABLE COLOR,0
                      00101         #DEFINE RED_FLAG COLOR,1
                      00102         #DEFINE GREEN_FLAG COLOR,2
                      00103         #DEFINE BLUE_FLAG COLOR,3
                      00104         #DEFINE COLORPB COLOR,4
                      00105         #DEFINE PREVPB0 COLOR,5
                      00106         #DEFINE EDITPB  COLOR,6
                      00107         #DEFINE PREVPB1 COLOR,7
                      00108 
                      00109         ;status0 bit definitions
                      00110         #DEFINE FLASH STATUS0,0
                      00111         #DEFINE INACTIVE STATUS0,1
                      00112         #DEFINE ONESEC STATUS0,2
                      00113         
                      00114     ;I/O pin definitions
                      00115         #DEFINE COLOR_ADJUST PORTA,0
                      00116         #DEFINE BLUE_PWM LATB,0
MPASM  5.33                 TRICOLOR_V2_5.ASM   10-8-2009  22:18:09         PAGE  4


LOC  OBJECT CODE     LINE SOURCE TEXT
  VALUE

                      00117         #DEFINE GREEN_PWM LATB,1
                      00118         #DEFINE RED_PWM LATB,2
                      00119         #DEFINE BLUE_INDICATE LATB,3
                      00120         #DEFINE GREEN_INDICATE LATB,4
                      00121         #DEFINE RED_INDICATE LATB,5
                      00122         #DEFINE COLOR_SELECT PORTC,2
                      00123         #DEFINE EDIT_SELECT PORTC,3
                      00124 
                      00125         ;Program constants
                      00126         ;Memory storage locations for red/green/blue pwm values
                      00127         #DEFINE RED_LOC 0X00
                      00128         #DEFINE GREEN_LOC 0X01
                      00129         #DEFINE BLUE_LOC 0X02
                      00130         ;Timing Constants
                      00131         #DEFINE SECOND D'122'
                      00132         #DEFINE MINUTE D'60'
                      00133         #DEFINE EXPIRE 1
                      00134         ;Other Definitions
                      00135         #DEFINE FLASHVAL 0X20                   ;Flash count value
                      00136                 
                      00137         ORG 0
000000 0E78           00138         MOVLW   B'01111000'     ;Initialize 8MHz internal clock
000002 6ED3           00139         MOVWF   OSCCON                  
000004 D???           00140         BRA     INITIALIZE      ;skip ahead to start of code (leave space for interrupt code)
                      00141 
                      00142         ORG     08H             ;starting point for interrupt code
000008                00143 TMR0_OVERFLOW   ;Timer0 overflow interrupt service routine
000008 94F2           00144         BCF             INTCON,TMR0IF   ;clear tmr0 overflow interrupt flag (prepare for next interrupt)
00000A B482           00145         BTFSC   COLOR_SELECT    ;Clear colorpb, prevpb if button is not currently pressed
00000C D???           00146         BRA     NO_COLORPB
00000E AA00           00147         BTFSS   PREVPB0         
000010 D???           00148         BRA     SET_COLORPB
000012 9800           00149         BCF     COLORPB
000014 8A00           00150         BSF     PREVPB0
000016 D???           00151         BRA     CHECK_EDITPB
000018                00152 SET_COLORPB
000018 8800           00153         BSF     COLORPB
00001A 8A00           00154         BSF             PREVPB0
00001C D???           00155         BRA     CHECK_EDITPB
00001E                00156 NO_COLORPB
00001E 9800           00157         BCF     COLORPB
000020 9A00           00158         BCF             PREVPB0
000022                00159 CHECK_EDITPB
000022 B682           00160         BTFSC   EDIT_SELECT     ;Clear colorpb, prevpb if button is not currently pressed
000024 D???           00161         BRA     NO_EDITPB
000026 AE00           00162         BTFSS   PREVPB1         
000028 D???           00163         BRA     SET_EDITPB
00002A 9C00           00164         BCF     EDITPB
00002C 8E00           00165         BSF     PREVPB1
00002E D???           00166         BRA     CHECK_FLASH
000030                00167 SET_EDITPB
000030 8C00           00168         BSF     EDITPB
000032 8E00           00169         BSF             PREVPB1
MPASM  5.33                 TRICOLOR_V2_5.ASM   10-8-2009  22:18:09         PAGE  5


LOC  OBJECT CODE     LINE SOURCE TEXT
  VALUE

000034 D???           00170         BRA     CHECK_FLASH
000036                00171 NO_EDITPB
000036 9C00           00172         BCF     EDITPB
000038 9E00           00173         BCF             PREVPB1
00003A                00174 CHECK_FLASH
00003A B000           00175         BTFSC   EDITABLE
00003C EF?? F???      00176         GOTO    CHECK_TIME
000040 0605           00177         DECF    FLASHCNT
000042 E1??           00178         BNZ             CHECK_TIME
000044 0E20           00179         MOVLW   FLASHVAL
000046 6E05           00180         MOVWF   FLASHCNT
000048 8001           00181         BSF     FLASH   
00004A                00182 CHECK_TIME
00004A 2E02           00183         DECFSZ  MSEC_CNT
00004C D???           00184         BRA             TMR0_RETURN
00004E 8401           00185         BSF             ONESEC
000050                00186 TMR0_RETURN
000050 0011           00187         RETFIE  FAST
                      00188 
000052                00189 INITIALIZE
                      00190   ;I/O Port initializations
000052 8494           00191         BSF             TRISC,2         ;initialize portc,2 and portc,3 to be used as inputs
000054 8694           00192         BSF             TRISC,3
000056 0E18           00193         MOVLW   B'00011000'     ;Turn on red indicator, blade initially off
000058 6E8A           00194         MOVWF   LATB
00005A 6A93           00195         CLRF    TRISB           ;portb to be used as outputs
00005C 6892           00196         SETF    TRISA           ;use porta as inputs
                      00197   ;Interrupt initializations (TMR0 Overflow Interrupt)
00005E 0ED5           00198         MOVLW   B'11010101'     ;activate timer0 in 8-bit mode, prescale by 64
000060 6ED5           00199         MOVWF   T0CON                   
000062 8AF2           00200         BSF             INTCON,TMR0IE   ;enable timer0 interrupts
000064 8EF2           00201         BSF     INTCON,GIE              ;enable global interrupts
                      00202   ;ADC Initializations
000066 80C2           00203         BSF     ADCON0,ADON
000068 0E0E           00204         MOVLW   0X0E
00006A 6EC1           00205         MOVWF   ADCON1
                      00206   ;User Variable Initializations
00006C 0E02           00207     MOVLW       0X02
00006E 6E00           00208         MOVWF   COLOR
000070 6A01           00209         CLRF    STATUS0
000072 0E20           00210         MOVLW   FLASHVAL
000074 6E05           00211         MOVWF   FLASHCNT
                      00212 
000076 0E7A           00213         MOVLW   SECOND          ;122 interrupts = 1 second
000078 6E02           00214         MOVWF   MSEC_CNT
00007A 0E3C           00215         MOVLW   MINUTE          ;60 seconds = 1 minute
00007C 6E03           00216         MOVWF   SEC_CNT
00007E 0E01           00217         MOVLW   EXPIRE          ;set timeout to occur at 4 minutes
000080 6E04           00218         MOVWF   MIN_CNT
                      00219         
000082 6A06           00220         CLRF    RED_LEVEL1
000084 6A07           00221         CLRF    GREEN_LEVEL1
000086 6A08           00222         CLRF    BLUE_LEVEL1
MPASM  5.33                 TRICOLOR_V2_5.ASM   10-8-2009  22:18:09         PAGE  6


LOC  OBJECT CODE     LINE SOURCE TEXT
  VALUE

000088 6A09           00223         CLRF    RED_LEVEL0
00008A 6A0A           00224         CLRF    GREEN_LEVEL0
00008C 6A0B           00225         CLRF    BLUE_LEVEL0     
00008E 6A0C           00226         CLRF    RED_PWM_ACC
000090 6A0D           00227         CLRF    GREEN_PWM_ACC
000092 6A0E           00228         CLRF    BLUE_PWM_ACC
                      00229 
000094                00230 START0          ;Main Program Loop
000094 B800           00231         BTFSC   COLORPB                 ;Toggle color if color select has been pressed
000096 EC?? F???      00232         CALL    TOGGLE_COLOR
00009A EC?? F???      00233         CALL    READ_COLOR_PORT ;Initiate AD conversion on color adjustor for currently selected color
00009E AC00           00234         BTFSS   EDITPB
0000A0 D???           00235         BRA             START1
0000A2 EC?? F???      00236         CALL    RESET_COUNTER   ;Reset counters if button was pressed
0000A6 7000           00237         BTG             EDITABLE
0000A8 9C00           00238         BCF             EDITPB
0000AA                00239 START1
0000AA B000           00240         BTFSC   EDITABLE        
0000AC EC?? F???      00241         CALL    SHIFT_COLOR             ;Update selected color if color is editable
0000B0 B000           00242         BTFSC   EDITABLE
0000B2 EC?? F???      00243         CALL    INDICATE_COLOR  ;Indicate 
0000B6 B001           00244         BTFSC   FLASH
0000B8 EC?? F???      00245         CALL    FLASH_INDICATE  ;Flash color indicator if flash bit is enabled
0000BC EC?? F???      00246         CALL    OUTPUT_PWM              ;Output blade PWM color
0000C0 B401           00247         BTFSC   ONESEC
0000C2 EC?? F???      00248         CALL    TIMING_CHECK    ;Update timeout counter registers
0000C6 D???           00249         BRA             START0  
                      00250 
                      00251 ;************************************************************************************************
                      00252 ; Subroutine: timing_check
                      00253 ; Description: Decrement timeout counter registers, power down if timeout occurs
                      00254 ;************************************************************************************************
0000C8                00255 TIMING_CHECK
0000C8 9401           00256         BCF             ONESEC  ;Clear 1-second flag
0000CA 0E7A           00257         MOVLW   SECOND  ;Reload msec_cnt for another second of operation
0000CC 6E02           00258         MOVWF   MSEC_CNT
0000CE 2E03           00259         DECFSZ  SEC_CNT ;Check to see if 1 minute has passed, if not, return to start
0000D0 0012           00260         RETURN
0000D2 0E3C           00261         MOVLW   MINUTE  ;Reload sec_cnt for another minute of operation
0000D4 6E03           00262         MOVWF   SEC_CNT 
0000D6 2E04           00263         DECFSZ  MIN_CNT ;Check to see if timeout has passed, if not, return to start
0000D8 0012           00264         RETURN
0000DA 0E01           00265         MOVLW   EXPIRE  ;Reload min_cnt for another timeout period of operation
0000DC 6E04           00266         MOVWF   MIN_CNT
0000DE EC?? F???      00267         CALL    POWER_DOWN
0000E2 0012           00268         RETURN  
                      00269 
                      00270 ;************************************************************************************************
                      00271 ; Subroutine: power_down
                      00272 ; Description: deactivates led lights and ADC to save power, reactivate system on button press
                      00273 ;************************************************************************************************
0000E4                00274 POWER_DOWN
0000E4 9000           00275         BCF             EDITABLE                                        ;Prevent any accidental last min
MPASM  5.33                 TRICOLOR_V2_5.ASM   10-8-2009  22:18:09         PAGE  7


LOC  OBJECT CODE     LINE SOURCE TEXT
  VALUE

                            ute changes
0000E6 C009 F006      00276         MOVFF   RED_LEVEL0, RED_LEVEL1          ;Save state of red color
0000EA C00A F007      00277         MOVFF   GREEN_LEVEL0, GREEN_LEVEL1      ;Save state of green color
0000EE C00B F008      00278         MOVFF   BLUE_LEVEL0, BLUE_LEVEL1                ;Save state of blue color
0000F2 0E00           00279         MOVLW   0X00
0000F4 6E09           00280         MOVWF   RED_LEVEL0                                      ;Shut off red led
0000F6 6E0A           00281         MOVWF   GREEN_LEVEL0                            ;Shut off green led
0000F8 6E0B           00282         MOVWF   BLUE_LEVEL0                                     ;Shut off blue led
0000FA EC?? F???      00283         CALL    OUTPUT_PWM
0000FE 8A8A           00284         BSF             RED_INDICATE                            ;Shut off red indicator light
000100 888A           00285         BSF             GREEN_INDICATE                          ;Shut off green indicator light
000102 868A           00286         BSF             BLUE_INDICATE                           ;Shut off blue indicator light
000104 90C2           00287         BCF             ADCON0,ADON                                             ;Deactivate the ADC
000106                00288 POWER_WAIT_LOOP
000106 B800           00289         BTFSC   COLORPB         ;Check to see if color selector was pressed
000108 D???           00290         BRA             POWER_UP
00010A BC00           00291         BTFSC   EDITPB          ;Check to see if edit pushbutton was pressed
00010C D???           00292         BRA             POWER_UP
00010E D???           00293         BRA             POWER_WAIT_LOOP
000110                00294 POWER_UP
000110 C006 F009      00295         MOVFF   RED_LEVEL1, RED_LEVEL0          ;Reactivate red led
000114 C007 F00A      00296         MOVFF   GREEN_LEVEL1, GREEN_LEVEL0      ;Reactivate green led
000118 C008 F00B      00297         MOVFF   BLUE_LEVEL1, BLUE_LEVEL0                ;Reactivate blue led
00011C EC?? F???      00298         CALL    OUTPUT_PWM
000120 EC?? F???      00299         CALL    INDICATE_COLOR                          ;Reactivate correct color
000124 80C2           00300         BSF             ADCON0,ADON                                             ;Re-engage ADC
000126 0012           00301         RETURN  
                      00302 
                      00303 ;************************************************************************************************
                      00304 ; Subroutine: reset_counter
                      00305 ; Description: Check for activity, reset timeout counters if activity has occurred
                      00306 ;************************************************************************************************
000128                00307 RESET_COUNTER
000128 0E7A           00308         MOVLW   SECOND
00012A 6E02           00309         MOVWF   MSEC_CNT
00012C 0E3C           00310         MOVLW   MINUTE
00012E 6E03           00311         MOVWF   SEC_CNT
000130 0E01           00312         MOVLW   EXPIRE
000132 6E04           00313         MOVWF   MIN_CNT
000134 0012           00314         RETURN
                      00315 
                      00316 ;************************************************************************************************
                      00317 ; Subroutine: indicate_color
                      00318 ; Description: If color is editable, lights up appropriate color indicator (used to prevent output glitc
                            h)
                      00319 ;************************************************************************************************
000136                00320 INDICATE_COLOR
000136 B200           00321         BTFSC   RED_FLAG
000138 9A8A           00322         BCF             RED_INDICATE
00013A B400           00323         BTFSC   GREEN_FLAG
00013C 988A           00324         BCF             GREEN_INDICATE
00013E B600           00325         BTFSC   BLUE_FLAG
000140 968A           00326         BCF             BLUE_INDICATE
MPASM  5.33                 TRICOLOR_V2_5.ASM   10-8-2009  22:18:09         PAGE  8


LOC  OBJECT CODE     LINE SOURCE TEXT
  VALUE

000142 0012           00327         RETURN
                      00328 
                      00329 ;************************************************************************************************
                      00330 ; Subroutine: toggle_color
                      00331 ; Description: looks at the current color state and goes to the next color state (sets flags and
                      00332 ;       indicator LED accordingly) (Red -> Green -> Blue -> Lock) (if lock is reached, color select goes
                      00333 ;       back to red)
                      00334 ;************************************************************************************************
000144                00335 TOGGLE_COLOR
000144 B200           00336         BTFSC   RED_FLAG
000146 D???           00337         BRA     SELECT_GREEN
000148 B400           00338         BTFSC   GREEN_FLAG
00014A D???           00339         BRA     SELECT_BLUE
00014C B600           00340         BTFSC   BLUE_FLAG
00014E D???           00341         BRA     SELECT_LOCK
000150 D???           00342         BRA     SELECT_RED
000152                00343 END_TOGGLE
000152 EC?? F???      00344         CALL    RESET_COUNTER
000156 9800           00345         BCF     COLORPB
000158 0012           00346         RETURN
                      00347 
00015A                00348 SELECT_RED
00015A 8200           00349         BSF     RED_FLAG
00015C 9A8A           00350         BCF             RED_INDICATE
00015E D???           00351         BRA     END_TOGGLE
000160                00352 SELECT_GREEN
000160 9200           00353         BCF     RED_FLAG
000162 8400           00354         BSF             GREEN_FLAG
000164 8A8A           00355         BSF     RED_INDICATE
000166 988A           00356         BCF     GREEN_INDICATE
000168 D???           00357         BRA     END_TOGGLE
00016A                00358 SELECT_BLUE
00016A 9400           00359         BCF     GREEN_FLAG
00016C 8600           00360         BSF     BLUE_FLAG
00016E 888A           00361         BSF             GREEN_INDICATE
000170 968A           00362         BCF             BLUE_INDICATE
000172 D???           00363         BRA     END_TOGGLE
000174                00364 SELECT_LOCK
000174 9600           00365         BCF     BLUE_FLAG
000176 868A           00366         BSF     BLUE_INDICATE
000178 D???           00367         BRA     END_TOGGLE
                      00368         
                      00369 ;*******************************************************************************************
                      00370 ; Subroutine: read_color_port
                      00371 ; Description: Initiates A/D conversions on the currently selected color port
                      00372 ;*******************************************************************************************
00017A                00373 READ_COLOR_PORT
00017A 82C2           00374         BSF             ADCON0,GO_DONE          ;Initiate A/D Conversion on color_adjust pin
00017C                00375 ADC_WAIT_LOOP
00017C B2C2           00376         BTFSC   ADCON0,GO_DONE  ;Wait until A/D Conversion finishes
00017E D???           00377         BRA             ADC_WAIT_LOOP
000180                00378 ADC_STORE
000180 B200           00379         BTFSC   RED_FLAG
MPASM  5.33                 TRICOLOR_V2_5.ASM   10-8-2009  22:18:09         PAGE  9


LOC  OBJECT CODE     LINE SOURCE TEXT
  VALUE

000182 D???           00380         BRA     STORE_RED
000184 B400           00381         BTFSC   GREEN_FLAG
000186 D???           00382         BRA     STORE_GREEN
000188 B600           00383         BTFSC   BLUE_FLAG
00018A D???           00384         BRA     STORE_BLUE
00018C                00385 ADC_RETURN      
00018C 0012           00386         RETURN
                      00387 
00018E                00388 STORE_RED       
00018E CFC4 F006      00389         MOVFF   ADRESH,RED_LEVEL1
000192 D???           00390         BRA     ADC_RETURN
000194                00391 STORE_GREEN
000194 CFC4 F007      00392         MOVFF   ADRESH,GREEN_LEVEL1
000198 D???           00393         BRA     ADC_RETURN
00019A                00394 STORE_BLUE
00019A CFC4 F008      00395         MOVFF   ADRESH,BLUE_LEVEL1
00019E D???           00396         BRA     ADC_RETURN
                      00397 
                      00398 ;***********************************************************************************************
                      00399 ; Subroutine: shift_color
                      00400 ; Description: If color is editable, shifts color to level0 variable to be output via PWM
                      00401 ;***********************************************************************************************
0001A0                00402 SHIFT_COLOR
0001A0 B200           00403         BTFSC   RED_FLAG
0001A2 C006 F009      00404         MOVFF   RED_LEVEL1,RED_LEVEL0
0001A6 B400           00405         BTFSC   GREEN_FLAG
0001A8 C007 F00A      00406         MOVFF   GREEN_LEVEL1,GREEN_LEVEL0
0001AC B600           00407         BTFSC   BLUE_FLAG
0001AE C008 F00B      00408         MOVFF   BLUE_LEVEL1,BLUE_LEVEL0
0001B2                00409 SHIFT_RETURN
0001B2 0012           00410         RETURN
                      00411 
                      00412 ;***********************************************************************************************
                      00413 ; Subroutine: flash_indicate
                      00414 ; Description: Flash LED Indicator if selected color is editable
                      00415 ;***********************************************************************************************
0001B4                00416 FLASH_INDICATE
0001B4 9001           00417         BCF             FLASH
0001B6 0E20           00418         MOVLW   FLASHVAL
0001B8 6E05           00419         MOVWF   FLASHCNT
0001BA B200           00420         BTFSC   RED_FLAG
0001BC 7A8A           00421         BTG             RED_INDICATE
0001BE B400           00422         BTFSC   GREEN_FLAG
0001C0 788A           00423         BTG             GREEN_INDICATE
0001C2 B600           00424         BTFSC   BLUE_FLAG
0001C4 768A           00425         BTG             BLUE_INDICATE
0001C6 0012           00426         RETURN
                      00427 
                      00428 ;***********************************************************************************************
                      00429 ; Subroutine: output_pwm
                      00430 ; Description: Software pwm routine for tricolor lightsaber
                      00431 ;***********************************************************************************************
0001C8                00432 OUTPUT_PWM
MPASM  5.33                 TRICOLOR_V2_5.ASM   10-8-2009  22:18:09         PAGE 10


LOC  OBJECT CODE     LINE SOURCE TEXT
  VALUE

0001C8 5009           00433         MOVF    RED_LEVEL0,W
0001CA 260C           00434         ADDWF   RED_PWM_ACC,F
0001CC E2??           00435         BC              OUTPUT_RED
0001CE 948A           00436         BCF     RED_PWM                         ;ERROR: shuts off red_indicator as well as red_pwm
0001D0                00437 TEST_GREEN
0001D0 500A           00438         MOVF    GREEN_LEVEL0,W
0001D2 260D           00439         ADDWF   GREEN_PWM_ACC,F
0001D4 E2??           00440         BC              OUTPUT_GREEN
0001D6 928A           00441         BCF             GREEN_PWM
0001D8                00442 TEST_BLUE
0001D8 500B           00443         MOVF    BLUE_LEVEL0,W
0001DA 260E           00444         ADDWF   BLUE_PWM_ACC,F
0001DC E2??           00445         BC              OUTPUT_BLUE
0001DE 908A           00446         BCF     BLUE_PWM
0001E0                00447 OUTPUT_RETURN
0001E0 0012           00448         RETURN
                      00449 
0001E2                00450 OUTPUT_RED
0001E2 848A           00451         BSF     RED_PWM
0001E4 D???           00452         BRA     TEST_GREEN
0001E6                00453 OUTPUT_GREEN
0001E6 828A           00454         BSF     GREEN_PWM
0001E8 D???           00455         BRA     TEST_BLUE
0001EA                00456 OUTPUT_BLUE
0001EA 808A           00457         BSF     BLUE_PWM
0001EC D???           00458         BRA     OUTPUT_RETURN
                      00459 
                      00460         END 
MPASM  5.33                 TRICOLOR_V2_5.ASM   10-8-2009  22:18:09         PAGE 11


SYMBOL TABLE
  LABEL                             VALUE 

A                                 00000000
ABDEN                             00000000
ABDOVF                            00000007
ACCESS                            00000000
ACKDT                             00000005
ACKEN                             00000004
ACKSTAT                           00000006
ACQT0                             00000003
ACQT1                             00000004
ACQT2                             00000005
ADCON0                            00000FC2
ADCON1                            00000FC1
ADCON2                            00000FC0
ADCS0                             00000000
ADCS1                             00000001
ADCS2                             00000002
ADC_RETURN                        0000018C
ADC_STORE                         00000180
ADC_WAIT_LOOP                     0000017C
ADDEN                             00000003
ADEN                              00000003
ADFM                              00000007
ADIE                              00000006
ADIF                              00000006
ADIP                              00000006
ADMSK1                            00000001
ADMSK2                            00000002
ADMSK3                            00000003
ADMSK4                            00000004
ADMSK5                            00000005
ADON                              00000000
ADRES                             00000FC3
ADRESH                            00000FC4
ADRESL                            00000FC3
AN0                               00000000
AN1                               00000001
AN10                              00000001
AN11                              00000004
AN12                              00000000
AN2                               00000002
AN3                               00000003
AN4                               00000005
AN8                               00000002
AN9                               00000003
BANKED                            00000001
BAUDCON                           00000FB8
BAUDCTL                           00000FB8
BCLIE                             00000003
BCLIF                             00000003
BCLIP                             00000003
BF                                00000000
BGST                              00000005
BLUE_FLAG                         COLOR,3
MPASM  5.33                 TRICOLOR_V2_5.ASM   10-8-2009  22:18:09         PAGE 12


SYMBOL TABLE
  LABEL                             VALUE 

BLUE_INDICATE                     LATB,3
BLUE_LEVEL0                       0000000B
BLUE_LEVEL1                       00000008
BLUE_LOC                          0X02
BLUE_PWM                          LATB,0
BLUE_PWM_ACC                      0000000E
BOR                               00000000
BRG16                             00000003
BRGH                              00000002
BSR                               00000FE0
C                                 00000000
C1INV                             00000004
C1N                               00000000
C1OUT_CMCON                       00000006
C1OUT_PORTA                       00000004
C1P                               00000003
C2INV                             00000005
C2N                               00000001
C2OUT_CMCON                       00000007
C2OUT_PORTA                       00000005
C2P                               00000002
CCP1                              00000002
CCP1CON                           00000FBD
CCP1IE                            00000002
CCP1IF                            00000002
CCP1IP                            00000002
CCP1M0                            00000000
CCP1M1                            00000001
CCP1M2                            00000002
CCP1M3                            00000003
CCP1X                             00000005
CCP1Y                             00000004
CCP2CON                           00000FBA
CCP2IE                            00000000
CCP2IF                            00000000
CCP2IP                            00000000
CCP2M0                            00000000
CCP2M1                            00000001
CCP2M2                            00000002
CCP2M3                            00000003
CCP2X                             00000005
CCP2Y                             00000004
CCP2_PORTB                        00000003
CCP2_PORTC                        00000001
CCPR1                             00000FBE
CCPR1H                            00000FBF
CCPR1L                            00000FBE
CCPR2                             00000FBB
CCPR2H                            00000FBC
CCPR2L                            00000FBB
CFGS                              00000006
CHECK_EDITPB                      00000022
CHECK_FLASH                       0000003A
MPASM  5.33                 TRICOLOR_V2_5.ASM   10-8-2009  22:18:09         PAGE 13


SYMBOL TABLE
  LABEL                             VALUE 

CHECK_TIME                        0000004A
CHS0                              00000002
CHS1                              00000003
CHS2                              00000004
CHS3                              00000005
CIS                               00000003
CK                                00000006
CKE                               00000006
CKP                               00000004
CLKI                              00000007
CLKO                              00000006
CM0                               00000000
CM1                               00000001
CM2                               00000002
CMCON                             00000FB4
CMIE                              00000006
CMIF                              00000006
CMIP                              00000006
COLOR                             00000000
COLORPB                           COLOR,4
COLOR_ADJUST                      PORTA,0
COLOR_SELECT                      PORTC,2
CREN                              00000004
CSRC                              00000007
CVR0                              00000000
CVR1                              00000001
CVR2                              00000002
CVR3                              00000003
CVRCON                            00000FB5
CVREF                             00000002
CVREN                             00000007
CVROE                             00000006
CVRR                              00000005
CVRSS                             00000004
D                                 00000005
DC                                00000001
DC1B0                             00000004
DC1B1                             00000005
DC2B0                             00000004
DC2B1                             00000005
DDRA                              TRISA
DDRB                              TRISB
DDRC                              TRISC
DDRD                              TRISD
DDRE                              TRISE
DONE                              00000001
D_A                               00000005
ECCP1AS                           00000FB6
ECCP1DEL                          00000FB7
ECCPAS0                           00000004
ECCPAS1                           00000005
ECCPAS2                           00000006
ECCPASE                           00000007
MPASM  5.33                 TRICOLOR_V2_5.ASM   10-8-2009  22:18:09         PAGE 14


SYMBOL TABLE
  LABEL                             VALUE 

EDITABLE                          COLOR,0
EDITPB                            COLOR,6
EDIT_SELECT                       PORTC,3
EEADR                             00000FA9
EECON1                            00000FA6
EECON2                            00000FA7
EEDATA                            00000FA8
EEIE                              00000004
EEIF                              00000004
EEIP                              00000004
EEPGD                             00000007
END_TOGGLE                        00000152
EXPIRE                            1
FAST                              00000001
FERR                              00000002
FLASH                             STATUS0,0
FLASHCNT                          00000005
FLASHVAL                          0X20
FLASH_INDICATE                    000001B4
FLT0                              00000000
FLTS                              00000002
FREE                              00000004
FSR0                              00000000
FSR0H                             00000FEA
FSR0L                             00000FE9
FSR1                              00000001
FSR1H                             00000FE2
FSR1L                             00000FE1
FSR2                              00000002
FSR2H                             00000FDA
FSR2L                             00000FD9
GCEN                              00000007
GIE                               00000007
GIEH                              00000007
GIEL                              00000006
GO                                00000001
GO_DONE                           00000001
GREEN_FLAG                        COLOR,2
GREEN_INDICATE                    LATB,4
GREEN_LEVEL0                      0000000A
GREEN_LEVEL1                      00000007
GREEN_LOC                         0X01
GREEN_PWM                         LATB,1
GREEN_PWM_ACC                     0000000D
HLVDCON                           00000FD2
HLVDEN                            00000004
HLVDIE                            00000002
HLVDIF                            00000002
HLVDIN                            00000005
HLVDIP                            00000002
HLVDL0                            00000000
HLVDL1                            00000001
HLVDL2                            00000002
MPASM  5.33                 TRICOLOR_V2_5.ASM   10-8-2009  22:18:09         PAGE 15


SYMBOL TABLE
  LABEL                             VALUE 

HLVDL3                            00000003
IDLEN                             00000007
INACTIVE                          STATUS0,1
INDF0                             00000FEF
INDF1                             00000FE7
INDF2                             00000FDF
INDICATE_COLOR                    00000136
INITIALIZE                        00000052
INT0                              00000000
INT0IE                            00000004
INT0IF                            00000001
INT1                              00000001
INT1E                             00000003
INT1F                             00000000
INT1IE                            00000003
INT1IF                            00000000
INT1IP                            00000006
INT1P                             00000006
INT2                              00000002
INT2E                             00000004
INT2F                             00000001
INT2IE                            00000004
INT2IF                            00000001
INT2IP                            00000007
INT2P                             00000007
INTCON                            00000FF2
INTCON2                           00000FF1
INTCON3                           00000FF0
INTEDG0                           00000006
INTEDG1                           00000005
INTEDG2                           00000004
INTSRC                            00000007
IOFS                              00000002
IPEN                              00000007
IPR1                              00000F9F
IPR2                              00000FA2
IRCF0                             00000004
IRCF1                             00000005
IRCF2                             00000006
IRVST                             00000005
KBI0                              00000004
KBI1                              00000005
KBI2                              00000006
KBI3                              00000007
LATA                              00000F89
LATA0                             00000000
LATA1                             00000001
LATA2                             00000002
LATA3                             00000003
LATA4                             00000004
LATA5                             00000005
LATA6                             00000006
LATA7                             00000007
MPASM  5.33                 TRICOLOR_V2_5.ASM   10-8-2009  22:18:09         PAGE 16


SYMBOL TABLE
  LABEL                             VALUE 

LATB                              00000F8A
LATB0                             00000000
LATB1                             00000001
LATB2                             00000002
LATB3                             00000003
LATB4                             00000004
LATB5                             00000005
LATB6                             00000006
LATB7                             00000007
LATC                              00000F8B
LATC0                             00000000
LATC1                             00000001
LATC2                             00000002
LATC3                             00000003
LATC4                             00000004
LATC5                             00000005
LATC6                             00000006
LATC7                             00000007
LVDCON                            00000FD2
LVDEN                             00000004
LVDIE                             00000002
LVDIF                             00000002
LVDIP                             00000002
LVDL0                             00000000
LVDL1                             00000001
LVDL2                             00000002
LVDL3                             00000003
LVV0                              00000000
LVV1                              00000001
LVV2                              00000002
LVV3                              00000003
MCLR                              00000003
MINUTE                            D'60'
MIN_CNT                           00000004
MSEC_CNT                          00000002
N                                 00000004
NOT_A                             00000005
NOT_ADDRESS                       00000005
NOT_BOR                           00000000
NOT_DONE                          00000001
NOT_MCLR                          00000003
NOT_PD                            00000002
NOT_POR                           00000001
NOT_RBPU                          00000007
NOT_RI                            00000004
NOT_SS                            00000005
NOT_T1SYNC                        00000002
NOT_T3SYNC                        00000002
NOT_TO                            00000003
NOT_W                             00000002
NOT_WRITE                         00000002
NO_COLORPB                        0000001E
NO_EDITPB                         00000036
MPASM  5.33                 TRICOLOR_V2_5.ASM   10-8-2009  22:18:09         PAGE 17


SYMBOL TABLE
  LABEL                             VALUE 

OERR                              00000001
ONESEC                            STATUS0,2
OSC1                              00000007
OSC2                              00000006
OSCCON                            00000FD3
OSCFIE                            00000007
OSCFIF                            00000007
OSCFIP                            00000007
OSCTUNE                           00000F9B
OSTS                              00000003
OUTPUT_BLUE                       000001EA
OUTPUT_GREEN                      000001E6
OUTPUT_PWM                        000001C8
OUTPUT_RED                        000001E2
OUTPUT_RETURN                     000001E0
OV                                00000003
P                                 00000004
P1A                               00000002
P1M0                              00000006
P1M1                              00000007
PC                                00000FF9
PCFG0                             00000000
PCFG1                             00000001
PCFG2                             00000002
PCFG3                             00000003
PCL                               00000FF9
PCLATH                            00000FFA
PCLATU                            00000FFB
PD                                00000002
PEIE                              00000006
PEN                               00000002
PGC                               00000006
PGD                               00000007
PGM                               00000005
PIE1                              00000F9D
PIE2                              00000FA0
PIR1                              00000F9E
PIR2                              00000FA1
PLLEN                             00000006
PLUSW0                            00000FEB
PLUSW1                            00000FE3
PLUSW2                            00000FDB
POR                               00000001
PORTA                             00000F80
PORTB                             00000F81
PORTC                             00000F82
PORTE                             00000F84
POSTDEC0                          00000FED
POSTDEC1                          00000FE5
POSTDEC2                          00000FDD
POSTINC0                          00000FEE
POSTINC1                          00000FE6
POSTINC2                          00000FDE
MPASM  5.33                 TRICOLOR_V2_5.ASM   10-8-2009  22:18:09         PAGE 18


SYMBOL TABLE
  LABEL                             VALUE 

POWER_DOWN                        000000E4
POWER_UP                          00000110
POWER_WAIT_LOOP                   00000106
PR2                               00000FCB
PREINC0                           00000FEC
PREINC1                           00000FE4
PREINC2                           00000FDC
PREVPB0                           COLOR,5
PREVPB1                           COLOR,7
PROD                              00000FF3
PRODH                             00000FF4
PRODL                             00000FF3
PRSEN                             00000007
PSA                               00000003
PSSAC0                            00000002
PSSAC1                            00000003
PWM1CON                           00000FB7
R                                 00000002
RA0                               00000000
RA1                               00000001
RA2                               00000002
RA3                               00000003
RA4                               00000004
RA5                               00000005
RA6                               00000006
RA7                               00000007
RB0                               00000000
RB1                               00000001
RB2                               00000002
RB3                               00000003
RB4                               00000004
RB5                               00000005
RB6                               00000006
RB7                               00000007
RBIE                              00000003
RBIF                              00000000
RBIP                              00000000
RBPU                              00000007
RC0                               00000000
RC1                               00000001
RC2                               00000002
RC3                               00000003
RC4                               00000004
RC5                               00000005
RC6                               00000006
RC7                               00000007
RCEN                              00000003
RCIDL                             00000006
RCIE                              00000005
RCIF                              00000005
RCIP                              00000005
RCMT                              00000006
RCON                              00000FD0
MPASM  5.33                 TRICOLOR_V2_5.ASM   10-8-2009  22:18:09         PAGE 19


SYMBOL TABLE
  LABEL                             VALUE 

RCREG                             00000FAE
RCSTA                             00000FAB
RD                                00000000
RD16                              00000007
RE3                               00000003
READ_COLOR_PORT                   0000017A
RED_FLAG                          COLOR,1
RED_INDICATE                      LATB,5
RED_LEVEL0                        00000009
RED_LEVEL1                        00000006
RED_LOC                           0X00
RED_PWM                           LATB,2
RED_PWM_ACC                       0000000C
RESET_COUNTER                     00000128
RI                                00000004
RSEN                              00000001
RX                                00000007
RX9                               00000006
RX9D                              00000000
RXDTP                             00000005
R_W                               00000002
S                                 00000003
SBOREN                            00000006
SCK                               00000003
SCKP                              00000004
SCL                               00000003
SCS0                              00000000
SCS1                              00000001
SDA                               00000004
SDI                               00000004
SDO                               00000005
SECOND                            D'122'
SEC_CNT                           00000003
SELECT_BLUE                       0000016A
SELECT_GREEN                      00000160
SELECT_LOCK                       00000174
SELECT_RED                        0000015A
SEN                               00000000
SENDB                             00000003
SET_COLORPB                       00000018
SET_EDITPB                        00000030
SHIFT_COLOR                       000001A0
SHIFT_RETURN                      000001B2
SMP                               00000007
SP0                               00000000
SP1                               00000001
SP2                               00000002
SP3                               00000003
SP4                               00000004
SPBRG                             00000FAF
SPBRGH                            00000FB0
SPEN                              00000007
SREN                              00000005
MPASM  5.33                 TRICOLOR_V2_5.ASM   10-8-2009  22:18:09         PAGE 20


SYMBOL TABLE
  LABEL                             VALUE 

SSPADD                            00000FC8
SSPBUF                            00000FC9
SSPCON1                           00000FC6
SSPCON2                           00000FC5
SSPEN                             00000005
SSPIE                             00000003
SSPIF                             00000003
SSPIP                             00000003
SSPM0                             00000000
SSPM1                             00000001
SSPM2                             00000002
SSPM3                             00000003
SSPOV                             00000006
SSPSTAT                           00000FC7
START0                            00000094
START1                            000000AA
STATUS                            00000FD8
STATUS0                           00000001
STKFUL                            00000007
STKOVF                            00000007
STKPTR                            00000FFC
STKUNF                            00000006
STORE_BLUE                        0000019A
STORE_GREEN                       00000194
STORE_RED                         0000018E
SWDTE                             00000000
SWDTEN                            00000000
SYNC                              00000004
T016BIT                           00000006
T08BIT                            00000006
T0CKI                             00000004
T0CON                             00000FD5
T0CS                              00000005
T0IE                              00000005
T0IF                              00000002
T0PS0                             00000000
T0PS1                             00000001
T0PS2                             00000002
T0SE                              00000004
T13CKI                            00000000
T1CKI                             00000000
T1CKPS0                           00000004
T1CKPS1                           00000005
T1CON                             00000FCD
T1OSCEN                           00000003
T1OSI                             00000001
T1OSO                             00000000
T1RUN                             00000006
T1SYNC                            00000002
T2CKPS0                           00000000
T2CKPS1                           00000001
T2CON                             00000FCA
T2OUTPS0                          00000003
MPASM  5.33                 TRICOLOR_V2_5.ASM   10-8-2009  22:18:09         PAGE 21


SYMBOL TABLE
  LABEL                             VALUE 

T2OUTPS1                          00000004
T2OUTPS2                          00000005
T2OUTPS3                          00000006
T3CCP1                            00000003
T3CCP2                            00000006
T3CKPS0                           00000004
T3CKPS1                           00000005
T3CON                             00000FB1
T3SYNC                            00000002
TABLAT                            00000FF5
TBLPTR                            00000FF6
TBLPTRH                           00000FF7
TBLPTRL                           00000FF6
TBLPTRU                           00000FF8
TEST_BLUE                         000001D8
TEST_GREEN                        000001D0
TIMING_CHECK                      000000C8
TMR0H                             00000FD7
TMR0IE                            00000005
TMR0IF                            00000002
TMR0IP                            00000002
TMR0L                             00000FD6
TMR0ON                            00000007
TMR0_OVERFLOW                     00000008
TMR0_RETURN                       00000050
TMR1CS                            00000001
TMR1H                             00000FCF
TMR1IE                            00000000
TMR1IF                            00000000
TMR1IP                            00000000
TMR1L                             00000FCE
TMR1ON                            00000000
TMR2                              00000FCC
TMR2IE                            00000001
TMR2IF                            00000001
TMR2IP                            00000001
TMR2ON                            00000002
TMR3CS                            00000001
TMR3H                             00000FB3
TMR3IE                            00000001
TMR3IF                            00000001
TMR3IP                            00000001
TMR3L                             00000FB2
TMR3ON                            00000000
TO                                00000003
TOGGLE_COLOR                      00000144
TOS                               00000FFD
TOSH                              00000FFE
TOSL                              00000FFD
TOSU                              00000FFF
TOUTPS0                           00000003
TOUTPS1                           00000004
TOUTPS2                           00000005
MPASM  5.33                 TRICOLOR_V2_5.ASM   10-8-2009  22:18:09         PAGE 22


SYMBOL TABLE
  LABEL                             VALUE 

TOUTPS3                           00000006
TRISA                             00000F92
TRISA0                            00000000
TRISA1                            00000001
TRISA2                            00000002
TRISA3                            00000003
TRISA4                            00000004
TRISA5                            00000005
TRISA6                            00000006
TRISA7                            00000007
TRISB                             00000F93
TRISB0                            00000000
TRISB1                            00000001
TRISB2                            00000002
TRISB3                            00000003
TRISB4                            00000004
TRISB5                            00000005
TRISB6                            00000006
TRISB7                            00000007
TRISC                             00000F94
TRISC0                            00000000
TRISC1                            00000001
TRISC2                            00000002
TRISC3                            00000003
TRISC4                            00000004
TRISC5                            00000005
TRISC6                            00000006
TRISC7                            00000007
TRMT                              00000001
TUN0                              00000000
TUN1                              00000001
TUN2                              00000002
TUN3                              00000003
TUN4                              00000004
TX                                00000006
TX9                               00000006
TX9D                              00000000
TXCKP                             00000004
TXEN                              00000005
TXIE                              00000004
TXIF                              00000004
TXIP                              00000004
TXREG                             00000FAD
TXSTA                             00000FAC
UA                                00000001
VCFG0                             00000004
VCFG1                             00000005
VDIRMAG                           00000007
VPP                               00000003
VREFM                             00000002
VREFP                             00000003
W                                 00000000
WCOL                              00000007
MPASM  5.33                 TRICOLOR_V2_5.ASM   10-8-2009  22:18:09         PAGE 23


SYMBOL TABLE
  LABEL                             VALUE 

WDTCON                            00000FD1
WR                                00000001
WREG                              00000FE8
WREN                              00000002
WRERR                             00000003
WUE                               00000001
Z                                 00000002
_BBSIZ_BB256_4L                   000000CF
_BBSIZ_BB512_4L                   000000FF
_BORV_0_2L                        000000E7
_BORV_1_2L                        000000EF
_BORV_2_2L                        000000F7
_BORV_3_2L                        000000FF
_BOR_NOSLP_2L                     000000FD
_BOR_OFF_2L                       000000F9
_BOR_ON_2L                        000000FF
_BOR_SOFT_2L                      000000FB
_CCP2MX_RB3_3H                    000000FE
_CCP2MX_RC1_3H                    000000FF
_CONFIG1H                         00300001
_CONFIG2H                         00300003
_CONFIG2L                         00300002
_CONFIG3H                         00300005
_CONFIG4L                         00300006
_CONFIG5H                         00300009
_CONFIG5L                         00300008
_CONFIG6H                         0030000B
_CONFIG6L                         0030000A
_CONFIG7H                         0030000D
_CONFIG7L                         0030000C
_CP0_OFF_5L                       000000FF
_CP0_ON_5L                        000000FE
_CP1_OFF_5L                       000000FF
_CP1_ON_5L                        000000FD
_CPB_OFF_5H                       000000FF
_CPB_ON_5H                        000000BF
_CPD_OFF_5H                       000000FF
_CPD_ON_5H                        0000007F
_DEBUG_OFF_4L                     000000FF
_DEBUG_ON_4L                      0000007F
_DEVID1                           003FFFFE
_DEVID2                           003FFFFF
_EBTR0_OFF_7L                     000000FF
_EBTR0_ON_7L                      000000FE
_EBTR1_OFF_7L                     000000FF
_EBTR1_ON_7L                      000000FD
_EBTRB_OFF_7H                     000000FF
_EBTRB_ON_7H                      000000BF
_FCMEN_OFF_1H                     000000BF
_FCMEN_ON_1H                      000000FF
_IDLOC0                           00200000
_IDLOC1                           00200001
_IDLOC2                           00200002
MPASM  5.33                 TRICOLOR_V2_5.ASM   10-8-2009  22:18:09         PAGE 24


SYMBOL TABLE
  LABEL                             VALUE 

_IDLOC3                           00200003
_IDLOC4                           00200004
_IDLOC5                           00200005
_IDLOC6                           00200006
_IDLOC7                           00200007
_IESO_OFF_1H                      0000007F
_IESO_ON_1H                       000000FF
_LPT1OSC_OFF_3H                   000000FB
_LPT1OSC_ON_3H                    000000FF
_LVP_OFF_4L                       000000FB
_LVP_ON_4L                        000000FF
_MCLRE_OFF_3H                     0000007F
_MCLRE_ON_3H                      000000FF
_OSC_ECIO_1H                      000000F5
_OSC_EC_1H                        000000F4
_OSC_HSPLL_1H                     000000F6
_OSC_HS_1H                        000000F2
_OSC_INTIO1_1H                    000000F9
_OSC_INTIO2_1H                    000000F8
_OSC_LP_1H                        000000F0
_OSC_RCIO_1H                      000000F7
_OSC_RC_1H                        000000F3
_OSC_XT_1H                        000000F1
_PBADEN_ANA_3H                    000000FF
_PBADEN_DIG_3H                    000000FD
_PWRT_OFF_2L                      000000FF
_PWRT_ON_2L                       000000FE
_STVREN_OFF_4L                    000000FE
_STVREN_ON_4L                     000000FF
_WDTPS_1024_2H                    000000F5
_WDTPS_128_2H                     000000EF
_WDTPS_16384_2H                   000000FD
_WDTPS_16_2H                      000000E9
_WDTPS_1_2H                       000000E1
_WDTPS_2048_2H                    000000F7
_WDTPS_256_2H                     000000F1
_WDTPS_2_2H                       000000E3
_WDTPS_32768_2H                   000000FF
_WDTPS_32_2H                      000000EB
_WDTPS_4096_2H                    000000F9
_WDTPS_4_2H                       000000E5
_WDTPS_512_2H                     000000F3
_WDTPS_64_2H                      000000ED
_WDTPS_8192_2H                    000000FB
_WDTPS_8_2H                       000000E7
_WDT_OFF_2H                       000000FE
_WDT_ON_2H                        000000FF
_WRT0_OFF_6L                      000000FF
_WRT0_ON_6L                       000000FE
_WRT1_OFF_6L                      000000FF
_WRT1_ON_6L                       000000FD
_WRTB_OFF_6H                      000000FF
_WRTB_ON_6H                       000000BF
MPASM  5.33                 TRICOLOR_V2_5.ASM   10-8-2009  22:18:09         PAGE 25


SYMBOL TABLE
  LABEL                             VALUE 

_WRTC_OFF_6H                      000000FF
_WRTC_ON_6H                       000000DF
_WRTD_OFF_6H                      000000FF
_WRTD_ON_6H                       0000007F
_XINST_OFF_4L                     000000BF
_XINST_ON_4L                      000000FF
__18F2221                         00000001

Errors   :     0
Warnings :     1 reported,     0 suppressed
Messages :     0 reported,     0 suppressed

